


ARM Macro Assembler    Page 1 


    1 00000000                 AREA             RESET,DATA,READONLY
    2 00000000                 EXPORT           __Vectors
    3 00000000         
    4 00000000         __Vectors
    5 00000000 10001000        DCD              0x10001000
    6 00000004 00000000        DCD              Reset_Handler
    7 00000008         
    8 00000008                 ALIGN
    9 00000008         
   10 00000008                 AREA             mycode,CODE,READONLY
   11 00000000                 ENTRY
   12 00000000                 EXPORT           Reset_Handler
   13 00000000         
   14 00000000         Reset_Handler
   15 00000000 4805            LDR              R0,=SRC
   16 00000002 6801            LDR              R1,[R0]
   17 00000004 4A05            LDR              R2,=SRC2
   18 00000006 6813            LDR              R3,[R2]
   19 00000008 4419            ADD              R1,R3
   20 0000000A 4C05            LDR              R4,=DST
   21 0000000C 6021            STR              R1,[R4]
   22 0000000E E7FE    STOP    B                STOP
   23 00000010 00000001 
                       SRC     DCD              0x00000001
   24 00000014 00000002 
                       SRC2    DCD              0x00000002
   25 00000018 00000000 
              00000000 
              00000000         AREA             mydata,DATA,READWRITE
   26 00000000 00000000 
                       DST     DCD              0           ;
   27 00000004         
   28 00000004                 END
Command Line: --debug --xref --cpu=Cortex-M3 --apcs=interwork --depend=Sample.d
 -oSample.o -IC:\Keil\ARM\RV31\INC -IC:\Keil\ARM\CMSIS\Include -IC:\Keil\ARM\In
c\NXP\LPC17xx --predefine="__EVAL SETA 1" --list=Sample.lst Sample.asm



ARM Macro Assembler    Page 1 Alphabetic symbol ordering
Relocatable symbols

RESET 00000000

Symbol: RESET
   Definitions
      At line 1 in file Sample.asm
   Uses
      None
Comment: RESET unused
__Vectors 00000000

Symbol: __Vectors
   Definitions
      At line 4 in file Sample.asm
   Uses
      At line 2 in file Sample.asm
Comment: __Vectors used once
2 symbols



ARM Macro Assembler    Page 1 Alphabetic symbol ordering
Relocatable symbols

Reset_Handler 00000000

Symbol: Reset_Handler
   Definitions
      At line 14 in file Sample.asm
   Uses
      At line 6 in file Sample.asm
      At line 12 in file Sample.asm

SRC 00000010

Symbol: SRC
   Definitions
      At line 23 in file Sample.asm
   Uses
      At line 15 in file Sample.asm
Comment: SRC used once
SRC2 00000014

Symbol: SRC2
   Definitions
      At line 24 in file Sample.asm
   Uses
      At line 17 in file Sample.asm
Comment: SRC2 used once
STOP 0000000E

Symbol: STOP
   Definitions
      At line 22 in file Sample.asm
   Uses
      At line 22 in file Sample.asm
Comment: STOP used once
mycode 00000000

Symbol: mycode
   Definitions
      At line 10 in file Sample.asm
   Uses
      None
Comment: mycode unused
5 symbols



ARM Macro Assembler    Page 1 Alphabetic symbol ordering
Relocatable symbols

DST 00000000

Symbol: DST
   Definitions
      At line 26 in file Sample.asm
   Uses
      At line 20 in file Sample.asm
Comment: DST used once
mydata 00000000

Symbol: mydata
   Definitions
      At line 25 in file Sample.asm
   Uses
      None
Comment: mydata unused
2 symbols
342 symbols in table
