


ARM Macro Assembler    Page 1 


    1 00000000                 AREA             RESET, DATA, READONLY
    2 00000000                 EXPORT           __Vectors
    3 00000000         
    4 00000000         __Vectors
    5 00000000 10001000        DCD              0x10001000
    6 00000004 00000000        DCD              Reset_Handler
    7 00000008         
    8 00000008                 ALIGN
    9 00000008         
   10 00000008                 AREA             mycode,CODE,READONLY
   11 00000000                 ENTRY
   12 00000000                 EXPORT           Reset_Handler
   13 00000000         
   14 00000000         Reset_Handler
   15 00000000 F04F 000A       MOV              R0, #10
   16 00000004 490E            LDR              R1,=SRC
   17 00000006 4A0F            LDR              R2,=DST
   18 00000008 F851 3B04 
                       UP      LDR              R3, [R1], #4
   19 0000000C F842 3B04       STR              R3,[R2], #4
   20 00000010 3801            SUBS             R0, #1
   21 00000012 D1F9            BNE              UP
   22 00000014 E7FE    STOP    B                STOP
   23 00000016 00 00 00001234 
              00005678 
              00000001 
              00000002 
              00000003 
              00000004 
              00000005 
              00000006 
              00000007 
              00000008 SRC     DCD              0x1234,0x5678,0x1,0x2,0x3,0x4,0
x5,0x6,0x7,0x8
   24 00000040 00000000 
              00000000         AREA             mydata,data,readwrite
   25 00000000         
   26 00000000 00000000 
              00000000 
              00000000 
              00000000 
              00000000 
              00000000 
              00000000 
              00000000 
              00000000 
              00000000 DST     DCD              0,0,0,0,0,0,0,0,0,0
   27 00000028                 END
Command Line: --debug --xref --cpu=Cortex-M3 --apcs=interwork --depend=Q1a.d -o
Q1a.o -IC:\Keil\ARM\RV31\INC -IC:\Keil\ARM\CMSIS\Include -IC:\Keil\ARM\Inc\NXP\
LPC17xx --predefine="__EVAL SETA 1" --list=Q1a.lst Q1a.asm



ARM Macro Assembler    Page 1 Alphabetic symbol ordering
Relocatable symbols

RESET 00000000

Symbol: RESET
   Definitions
      At line 1 in file Q1a.asm
   Uses
      None
Comment: RESET unused
__Vectors 00000000

Symbol: __Vectors
   Definitions
      At line 4 in file Q1a.asm
   Uses
      At line 2 in file Q1a.asm
Comment: __Vectors used once
2 symbols



ARM Macro Assembler    Page 1 Alphabetic symbol ordering
Relocatable symbols

Reset_Handler 00000000

Symbol: Reset_Handler
   Definitions
      At line 14 in file Q1a.asm
   Uses
      At line 6 in file Q1a.asm
      At line 12 in file Q1a.asm

SRC 00000018

Symbol: SRC
   Definitions
      At line 23 in file Q1a.asm
   Uses
      At line 16 in file Q1a.asm
Comment: SRC used once
STOP 00000014

Symbol: STOP
   Definitions
      At line 22 in file Q1a.asm
   Uses
      At line 22 in file Q1a.asm
Comment: STOP used once
UP 00000008

Symbol: UP
   Definitions
      At line 18 in file Q1a.asm
   Uses
      At line 21 in file Q1a.asm
Comment: UP used once
mycode 00000000

Symbol: mycode
   Definitions
      At line 10 in file Q1a.asm
   Uses
      None
Comment: mycode unused
5 symbols



ARM Macro Assembler    Page 1 Alphabetic symbol ordering
Relocatable symbols

DST 00000000

Symbol: DST
   Definitions
      At line 26 in file Q1a.asm
   Uses
      At line 17 in file Q1a.asm
Comment: DST used once
mydata 00000000

Symbol: mydata
   Definitions
      At line 24 in file Q1a.asm
   Uses
      None
Comment: mydata unused
2 symbols
342 symbols in table
