


ARM Macro Assembler    Page 1 


    1 00000000                 AREA             RESET,DATA, READONLY
    2 00000000                 EXPORT           __Vectors
    3 00000000         
    4 00000000         __Vectors
    5 00000000 10001000        DCD              0x10001000
    6 00000004 00000000        DCD              Reset_Handler
    7 00000008         
    8 00000008                 ALIGN
    9 00000008         
   10 00000008                 AREA             mycode, CODE, READONLY
   11 00000000                 ENTRY
   12 00000000                 EXPORT           Reset_Handler
   13 00000000         
   14 00000000         Reset_Handler
   15 00000000 F04F 0304       MOV              R3, #4
   16 00000004 4804            LDR              R0,=SRC+(N-1)*4
   17 00000006 4905            LDR              R1,=SRC+(N+S-1)*4
   18 00000008 F850 2904 
                       UP      LDR              R2,[R0],#-4
   19 0000000C F841 2904       STR              R2,[R1],#-4
   20 00000010 1E5B            SUBS             R3,R3,#1
   21 00000012 D1F9            BNE              UP
   22 00000014 E7FE    STOP    B                STOP
   23 00000016 00000004 
                       N       EQU              4
   24 00000016 00000002 
                       S       EQU              2
   25 00000016 00 00 0000000C 
              00000014         AREA             mydata,data,readwrite
   26 00000000 00000000 
              00000000 
              00000000 
              00000000 
              00000000 
              00000000 
              00000000 
              00000000 
              00000000 
              00000000 SRC     DCD              0,0,0,0,0,0,0,0,0,0
   27 00000028                 END
Command Line: --debug --xref --cpu=Cortex-M3 --apcs=interwork --depend=Q1b.d -o
Q1b.o -IC:\Keil\ARM\RV31\INC -IC:\Keil\ARM\CMSIS\Include -IC:\Keil\ARM\Inc\NXP\
LPC17xx --predefine="__EVAL SETA 1" --list=Q1b.lst Q1b.asm



ARM Macro Assembler    Page 1 Alphabetic symbol ordering
Relocatable symbols

RESET 00000000

Symbol: RESET
   Definitions
      At line 1 in file Q1b.asm
   Uses
      None
Comment: RESET unused
__Vectors 00000000

Symbol: __Vectors
   Definitions
      At line 4 in file Q1b.asm
   Uses
      At line 2 in file Q1b.asm
Comment: __Vectors used once
2 symbols



ARM Macro Assembler    Page 1 Alphabetic symbol ordering
Relocatable symbols

Reset_Handler 00000000

Symbol: Reset_Handler
   Definitions
      At line 14 in file Q1b.asm
   Uses
      At line 6 in file Q1b.asm
      At line 12 in file Q1b.asm

STOP 00000014

Symbol: STOP
   Definitions
      At line 22 in file Q1b.asm
   Uses
      At line 22 in file Q1b.asm
Comment: STOP used once
UP 00000008

Symbol: UP
   Definitions
      At line 18 in file Q1b.asm
   Uses
      At line 21 in file Q1b.asm
Comment: UP used once
mycode 00000000

Symbol: mycode
   Definitions
      At line 10 in file Q1b.asm
   Uses
      None
Comment: mycode unused
4 symbols



ARM Macro Assembler    Page 1 Alphabetic symbol ordering
Relocatable symbols

SRC 00000000

Symbol: SRC
   Definitions
      At line 26 in file Q1b.asm
   Uses
      At line 16 in file Q1b.asm
      At line 17 in file Q1b.asm

mydata 00000000

Symbol: mydata
   Definitions
      At line 25 in file Q1b.asm
   Uses
      None
Comment: mydata unused
2 symbols



ARM Macro Assembler    Page 1 Alphabetic symbol ordering
Absolute symbols

N 00000004

Symbol: N
   Definitions
      At line 23 in file Q1b.asm
   Uses
      At line 16 in file Q1b.asm
      At line 17 in file Q1b.asm

S 00000002

Symbol: S
   Definitions
      At line 24 in file Q1b.asm
   Uses
      At line 17 in file Q1b.asm
Comment: S used once
2 symbols
343 symbols in table
